Archive member included to satisfy reference by file (symbol)

c:/msys64/mingw64/bin/../lib/gcc/arm-none-eabi/10.1.0/../../../../arm-none-eabi/lib/thumb/v7-m/nofp\libc_nano.a(lib_a-atexit.o)
                              c:/msys64/mingw64/bin/../lib/gcc/arm-none-eabi/10.1.0/../../../../arm-none-eabi/lib/thumb/v7-m/nofp/crt0.o (atexit)
c:/msys64/mingw64/bin/../lib/gcc/arm-none-eabi/10.1.0/../../../../arm-none-eabi/lib/thumb/v7-m/nofp\libc_nano.a(lib_a-exit.o)
                              c:/msys64/mingw64/bin/../lib/gcc/arm-none-eabi/10.1.0/../../../../arm-none-eabi/lib/thumb/v7-m/nofp/crt0.o (exit)
c:/msys64/mingw64/bin/../lib/gcc/arm-none-eabi/10.1.0/../../../../arm-none-eabi/lib/thumb/v7-m/nofp\libc_nano.a(lib_a-fini.o)
                              c:/msys64/mingw64/bin/../lib/gcc/arm-none-eabi/10.1.0/../../../../arm-none-eabi/lib/thumb/v7-m/nofp/crt0.o (__libc_fini_array)
c:/msys64/mingw64/bin/../lib/gcc/arm-none-eabi/10.1.0/../../../../arm-none-eabi/lib/thumb/v7-m/nofp\libc_nano.a(lib_a-impure.o)
                              c:/msys64/mingw64/bin/../lib/gcc/arm-none-eabi/10.1.0/../../../../arm-none-eabi/lib/thumb/v7-m/nofp\libc_nano.a(lib_a-exit.o) (_global_impure_ptr)
c:/msys64/mingw64/bin/../lib/gcc/arm-none-eabi/10.1.0/../../../../arm-none-eabi/lib/thumb/v7-m/nofp\libc_nano.a(lib_a-init.o)
                              c:/msys64/mingw64/bin/../lib/gcc/arm-none-eabi/10.1.0/../../../../arm-none-eabi/lib/thumb/v7-m/nofp/crt0.o (__libc_init_array)
c:/msys64/mingw64/bin/../lib/gcc/arm-none-eabi/10.1.0/../../../../arm-none-eabi/lib/thumb/v7-m/nofp\libc_nano.a(lib_a-memset.o)
                              c:/msys64/mingw64/bin/../lib/gcc/arm-none-eabi/10.1.0/../../../../arm-none-eabi/lib/thumb/v7-m/nofp/crt0.o (memset)
c:/msys64/mingw64/bin/../lib/gcc/arm-none-eabi/10.1.0/../../../../arm-none-eabi/lib/thumb/v7-m/nofp\libc_nano.a(lib_a-__atexit.o)
                              c:/msys64/mingw64/bin/../lib/gcc/arm-none-eabi/10.1.0/../../../../arm-none-eabi/lib/thumb/v7-m/nofp\libc_nano.a(lib_a-atexit.o) (__register_exitproc)
c:/msys64/mingw64/bin/../lib/gcc/arm-none-eabi/10.1.0/../../../../arm-none-eabi/lib/thumb/v7-m/nofp\libc_nano.a(lib_a-__call_atexit.o)
                              c:/msys64/mingw64/bin/../lib/gcc/arm-none-eabi/10.1.0/../../../../arm-none-eabi/lib/thumb/v7-m/nofp\libc_nano.a(lib_a-__atexit.o) (__call_exitprocs)
c:/msys64/mingw64/bin/../lib/gcc/arm-none-eabi/10.1.0/../../../../arm-none-eabi/lib/thumb/v7-m/nofp\libc_nano.a(lib_a-lock.o)
                              c:/msys64/mingw64/bin/../lib/gcc/arm-none-eabi/10.1.0/../../../../arm-none-eabi/lib/thumb/v7-m/nofp\libc_nano.a(lib_a-__atexit.o) (__retarget_lock_acquire_recursive)
c:/msys64/mingw64/bin/../lib/gcc/arm-none-eabi/10.1.0/../../../../arm-none-eabi/lib/thumb/v7-m/nofp\libnosys.a(_exit.o)
                              c:/msys64/mingw64/bin/../lib/gcc/arm-none-eabi/10.1.0/../../../../arm-none-eabi/lib/thumb/v7-m/nofp\libc_nano.a(lib_a-exit.o) (_exit)

Allocating common symbols
Common symbol       size              file

__lock___atexit_recursive_mutex
                    0x1               c:/msys64/mingw64/bin/../lib/gcc/arm-none-eabi/10.1.0/../../../../arm-none-eabi/lib/thumb/v7-m/nofp\libc_nano.a(lib_a-lock.o)
__lock___arc4random_mutex
                    0x1               c:/msys64/mingw64/bin/../lib/gcc/arm-none-eabi/10.1.0/../../../../arm-none-eabi/lib/thumb/v7-m/nofp\libc_nano.a(lib_a-lock.o)
__lock___env_recursive_mutex
                    0x1               c:/msys64/mingw64/bin/../lib/gcc/arm-none-eabi/10.1.0/../../../../arm-none-eabi/lib/thumb/v7-m/nofp\libc_nano.a(lib_a-lock.o)
__lock___sinit_recursive_mutex
                    0x1               c:/msys64/mingw64/bin/../lib/gcc/arm-none-eabi/10.1.0/../../../../arm-none-eabi/lib/thumb/v7-m/nofp\libc_nano.a(lib_a-lock.o)
__lock___malloc_recursive_mutex
                    0x1               c:/msys64/mingw64/bin/../lib/gcc/arm-none-eabi/10.1.0/../../../../arm-none-eabi/lib/thumb/v7-m/nofp\libc_nano.a(lib_a-lock.o)
__lock___at_quick_exit_mutex
                    0x1               c:/msys64/mingw64/bin/../lib/gcc/arm-none-eabi/10.1.0/../../../../arm-none-eabi/lib/thumb/v7-m/nofp\libc_nano.a(lib_a-lock.o)
__lock___dd_hash_mutex
                    0x1               c:/msys64/mingw64/bin/../lib/gcc/arm-none-eabi/10.1.0/../../../../arm-none-eabi/lib/thumb/v7-m/nofp\libc_nano.a(lib_a-lock.o)
__lock___tz_mutex   0x1               c:/msys64/mingw64/bin/../lib/gcc/arm-none-eabi/10.1.0/../../../../arm-none-eabi/lib/thumb/v7-m/nofp\libc_nano.a(lib_a-lock.o)
__lock___sfp_recursive_mutex
                    0x1               c:/msys64/mingw64/bin/../lib/gcc/arm-none-eabi/10.1.0/../../../../arm-none-eabi/lib/thumb/v7-m/nofp\libc_nano.a(lib_a-lock.o)

Discarded input sections

 .text          0x0000000000000000        0x0 c:/msys64/mingw64/bin/../lib/gcc/arm-none-eabi/10.1.0/thumb/v7-m/nofp/crti.o
 .data          0x0000000000000000        0x0 c:/msys64/mingw64/bin/../lib/gcc/arm-none-eabi/10.1.0/thumb/v7-m/nofp/crti.o
 .bss           0x0000000000000000        0x0 c:/msys64/mingw64/bin/../lib/gcc/arm-none-eabi/10.1.0/thumb/v7-m/nofp/crti.o
 .text          0x0000000000000000        0x0 c:/msys64/mingw64/bin/../lib/gcc/arm-none-eabi/10.1.0/thumb/v7-m/nofp/crtbegin.o
 .data          0x0000000000000000        0x0 c:/msys64/mingw64/bin/../lib/gcc/arm-none-eabi/10.1.0/thumb/v7-m/nofp/crtbegin.o
 .bss           0x0000000000000000        0x0 c:/msys64/mingw64/bin/../lib/gcc/arm-none-eabi/10.1.0/thumb/v7-m/nofp/crtbegin.o
 .data.__dso_handle
                0x0000000000000000        0x4 c:/msys64/mingw64/bin/../lib/gcc/arm-none-eabi/10.1.0/thumb/v7-m/nofp/crtbegin.o
 .text          0x0000000000000000       0x70 c:/msys64/mingw64/bin/../lib/gcc/arm-none-eabi/10.1.0/../../../../arm-none-eabi/lib/thumb/v7-m/nofp/crt0.o
 .data          0x0000000000000000        0x0 c:/msys64/mingw64/bin/../lib/gcc/arm-none-eabi/10.1.0/../../../../arm-none-eabi/lib/thumb/v7-m/nofp/crt0.o
 .bss           0x0000000000000000        0x0 c:/msys64/mingw64/bin/../lib/gcc/arm-none-eabi/10.1.0/../../../../arm-none-eabi/lib/thumb/v7-m/nofp/crt0.o
 .ARM.extab     0x0000000000000000        0x0 c:/msys64/mingw64/bin/../lib/gcc/arm-none-eabi/10.1.0/../../../../arm-none-eabi/lib/thumb/v7-m/nofp/crt0.o
 .ARM.exidx     0x0000000000000000       0x10 c:/msys64/mingw64/bin/../lib/gcc/arm-none-eabi/10.1.0/../../../../arm-none-eabi/lib/thumb/v7-m/nofp/crt0.o
 .ARM.attributes
                0x0000000000000000       0x1b c:/msys64/mingw64/bin/../lib/gcc/arm-none-eabi/10.1.0/../../../../arm-none-eabi/lib/thumb/v7-m/nofp/crt0.o
 .text          0x0000000000000000        0x0 build/main.o
 .data          0x0000000000000000        0x0 build/main.o
 .bss           0x0000000000000000        0x0 build/main.o
 .text          0x0000000000000000        0x0 build/stm32f10x_gpio.o
 .data          0x0000000000000000        0x0 build/stm32f10x_gpio.o
 .bss           0x0000000000000000        0x0 build/stm32f10x_gpio.o
 .text.GPIO_DeInit
                0x0000000000000000       0xe4 build/stm32f10x_gpio.o
 .text.GPIO_AFIODeInit
                0x0000000000000000       0x18 build/stm32f10x_gpio.o
 .text.GPIO_StructInit
                0x0000000000000000       0x26 build/stm32f10x_gpio.o
 .text.GPIO_ReadInputDataBit
                0x0000000000000000       0x32 build/stm32f10x_gpio.o
 .text.GPIO_ReadInputData
                0x0000000000000000       0x18 build/stm32f10x_gpio.o
 .text.GPIO_ReadOutputDataBit
                0x0000000000000000       0x32 build/stm32f10x_gpio.o
 .text.GPIO_ReadOutputData
                0x0000000000000000       0x18 build/stm32f10x_gpio.o
 .text.GPIO_TogglePin
                0x0000000000000000       0x22 build/stm32f10x_gpio.o
 .text.GPIO_WriteBit
                0x0000000000000000       0x2e build/stm32f10x_gpio.o
 .text.GPIO_Write
                0x0000000000000000       0x1c build/stm32f10x_gpio.o
 .text.GPIO_PinLockConfig
                0x0000000000000000       0x42 build/stm32f10x_gpio.o
 .text.GPIO_EventOutputConfig
                0x0000000000000000       0x4c build/stm32f10x_gpio.o
 .text.GPIO_EventOutputCmd
                0x0000000000000000       0x20 build/stm32f10x_gpio.o
 .text.GPIO_PinRemapConfig
                0x0000000000000000       0xe0 build/stm32f10x_gpio.o
 .text.GPIO_EXTILineConfig
                0x0000000000000000       0x80 build/stm32f10x_gpio.o
 .text.GPIO_ETH_MediaInterfaceConfig
                0x0000000000000000       0x1c build/stm32f10x_gpio.o
 .text          0x0000000000000000        0x0 build/stm32f10x_rcc.o
 .data          0x0000000000000000        0x0 build/stm32f10x_rcc.o
 .bss           0x0000000000000000        0x0 build/stm32f10x_rcc.o
 .data.APBAHBPrescTable
                0x0000000000000000       0x10 build/stm32f10x_rcc.o
 .data.ADCPrescTable
                0x0000000000000000        0x4 build/stm32f10x_rcc.o
 .text.RCC_DeInit
                0x0000000000000000       0x5c build/stm32f10x_rcc.o
 .text.RCC_HSEConfig
                0x0000000000000000       0x5c build/stm32f10x_rcc.o
 .text.RCC_WaitForHSEStartUp
                0x0000000000000000       0x50 build/stm32f10x_rcc.o
 .text.RCC_AdjustHSICalibrationValue
                0x0000000000000000       0x3c build/stm32f10x_rcc.o
 .text.RCC_HSICmd
                0x0000000000000000       0x20 build/stm32f10x_rcc.o
 .text.RCC_PLLConfig
                0x0000000000000000       0x3c build/stm32f10x_rcc.o
 .text.RCC_PLLCmd
                0x0000000000000000       0x20 build/stm32f10x_rcc.o
 .text.RCC_SYSCLKConfig
                0x0000000000000000       0x38 build/stm32f10x_rcc.o
 .text.RCC_GetSYSCLKSource
                0x0000000000000000       0x1c build/stm32f10x_rcc.o
 .text.RCC_HCLKConfig
                0x0000000000000000       0x38 build/stm32f10x_rcc.o
 .text.RCC_PCLK1Config
                0x0000000000000000       0x38 build/stm32f10x_rcc.o
 .text.RCC_PCLK2Config
                0x0000000000000000       0x38 build/stm32f10x_rcc.o
 .text.RCC_ITConfig
                0x0000000000000000       0x4c build/stm32f10x_rcc.o
 .text.RCC_USBCLKConfig
                0x0000000000000000       0x1c build/stm32f10x_rcc.o
 .text.RCC_ADCCLKConfig
                0x0000000000000000       0x38 build/stm32f10x_rcc.o
 .text.RCC_LSEConfig
                0x0000000000000000       0x40 build/stm32f10x_rcc.o
 .text.RCC_LSICmd
                0x0000000000000000       0x20 build/stm32f10x_rcc.o
 .text.RCC_RTCCLKConfig
                0x0000000000000000       0x24 build/stm32f10x_rcc.o
 .text.RCC_RTCCLKCmd
                0x0000000000000000       0x20 build/stm32f10x_rcc.o
 .text.RCC_GetClocksFreq
                0x0000000000000000      0x16c build/stm32f10x_rcc.o
 .text.RCC_AHBPeriphClockCmd
                0x0000000000000000       0x3c build/stm32f10x_rcc.o
 .text.RCC_APB1PeriphClockCmd
                0x0000000000000000       0x3c build/stm32f10x_rcc.o
 .text.RCC_APB2PeriphResetCmd
                0x0000000000000000       0x3c build/stm32f10x_rcc.o
 .text.RCC_APB1PeriphResetCmd
                0x0000000000000000       0x3c build/stm32f10x_rcc.o
 .text.RCC_BackupResetCmd
                0x0000000000000000       0x20 build/stm32f10x_rcc.o
 .text.RCC_ClockSecuritySystemCmd
                0x0000000000000000       0x20 build/stm32f10x_rcc.o
 .text.RCC_MCOConfig
                0x0000000000000000       0x20 build/stm32f10x_rcc.o
 .text.RCC_GetFlagStatus
                0x0000000000000000       0x74 build/stm32f10x_rcc.o
 .text.RCC_ClearFlag
                0x0000000000000000       0x1c build/stm32f10x_rcc.o
 .text.RCC_GetITStatus
                0x0000000000000000       0x34 build/stm32f10x_rcc.o
 .text.RCC_ClearITPendingBit
                0x0000000000000000       0x20 build/stm32f10x_rcc.o
 .text          0x0000000000000000        0x0 build/stm32f10x_tim.o
 .data          0x0000000000000000        0x0 build/stm32f10x_tim.o
 .bss           0x0000000000000000        0x0 build/stm32f10x_tim.o
 .text.TIM_DeInit
                0x0000000000000000      0x22c build/stm32f10x_tim.o
 .text.TIM_TimeBaseInit
                0x0000000000000000       0xf8 build/stm32f10x_tim.o
 .text.TIM_OC1Init
                0x0000000000000000      0x118 build/stm32f10x_tim.o
 .text.TIM_OC2Init
                0x0000000000000000      0x110 build/stm32f10x_tim.o
 .text.TIM_OC3Init
                0x0000000000000000      0x10c build/stm32f10x_tim.o
 .text.TIM_OC4Init
                0x0000000000000000       0xd0 build/stm32f10x_tim.o
 .text.TIM_ICInit
                0x0000000000000000       0xa8 build/stm32f10x_tim.o
 .text.TIM_PWMIConfig
                0x0000000000000000       0xb8 build/stm32f10x_tim.o
 .text.TIM_BDTRConfig
                0x0000000000000000       0x4e build/stm32f10x_tim.o
 .text.TIM_TimeBaseStructInit
                0x0000000000000000       0x32 build/stm32f10x_tim.o
 .text.TIM_OCStructInit
                0x0000000000000000       0x42 build/stm32f10x_tim.o
 .text.TIM_ICStructInit
                0x0000000000000000       0x30 build/stm32f10x_tim.o
 .text.TIM_BDTRStructInit
                0x0000000000000000       0x3c build/stm32f10x_tim.o
 .text.TIM_Cmd  0x0000000000000000       0x3e build/stm32f10x_tim.o
 .text.TIM_CtrlPWMOutputs
                0x0000000000000000       0x4a build/stm32f10x_tim.o
 .text.TIM_ITConfig
                0x0000000000000000       0x46 build/stm32f10x_tim.o
 .text.TIM_GenerateEvent
                0x0000000000000000       0x1c build/stm32f10x_tim.o
 .text.TIM_DMAConfig
                0x0000000000000000       0x28 build/stm32f10x_tim.o
 .text.TIM_DMACmd
                0x0000000000000000       0x46 build/stm32f10x_tim.o
 .text.TIM_InternalClockConfig
                0x0000000000000000       0x22 build/stm32f10x_tim.o
 .text.TIM_ITRxExternalClockConfig
                0x0000000000000000       0x2e build/stm32f10x_tim.o
 .text.TIM_TIxExternalClockConfig
                0x0000000000000000       0x5c build/stm32f10x_tim.o
 .text.TIM_ETRClockMode1Config
                0x0000000000000000       0x5e build/stm32f10x_tim.o
 .text.TIM_ETRClockMode2Config
                0x0000000000000000       0x3e build/stm32f10x_tim.o
 .text.TIM_ETRConfig
                0x0000000000000000       0x52 build/stm32f10x_tim.o
 .text.TIM_PrescalerConfig
                0x0000000000000000       0x26 build/stm32f10x_tim.o
 .text.TIM_CounterModeConfig
                0x0000000000000000       0x36 build/stm32f10x_tim.o
 .text.TIM_SelectInputTrigger
                0x0000000000000000       0x36 build/stm32f10x_tim.o
 .text.TIM_EncoderInterfaceConfig
                0x0000000000000000       0x96 build/stm32f10x_tim.o
 .text.TIM_ForcedOC1Config
                0x0000000000000000       0x36 build/stm32f10x_tim.o
 .text.TIM_ForcedOC2Config
                0x0000000000000000       0x3a build/stm32f10x_tim.o
 .text.TIM_ForcedOC3Config
                0x0000000000000000       0x36 build/stm32f10x_tim.o
 .text.TIM_ForcedOC4Config
                0x0000000000000000       0x3a build/stm32f10x_tim.o
 .text.TIM_ARRPreloadConfig
                0x0000000000000000       0x3e build/stm32f10x_tim.o
 .text.TIM_SelectCOM
                0x0000000000000000       0x3e build/stm32f10x_tim.o
 .text.TIM_SelectCCDMA
                0x0000000000000000       0x3e build/stm32f10x_tim.o
 .text.TIM_CCPreloadControl
                0x0000000000000000       0x3e build/stm32f10x_tim.o
 .text.TIM_OC1PreloadConfig
                0x0000000000000000       0x36 build/stm32f10x_tim.o
 .text.TIM_OC2PreloadConfig
                0x0000000000000000       0x3a build/stm32f10x_tim.o
 .text.TIM_OC3PreloadConfig
                0x0000000000000000       0x36 build/stm32f10x_tim.o
 .text.TIM_OC4PreloadConfig
                0x0000000000000000       0x3a build/stm32f10x_tim.o
 .text.TIM_OC1FastConfig
                0x0000000000000000       0x36 build/stm32f10x_tim.o
 .text.TIM_OC2FastConfig
                0x0000000000000000       0x3a build/stm32f10x_tim.o
 .text.TIM_OC3FastConfig
                0x0000000000000000       0x36 build/stm32f10x_tim.o
 .text.TIM_OC4FastConfig
                0x0000000000000000       0x3a build/stm32f10x_tim.o
 .text.TIM_ClearOC1Ref
                0x0000000000000000       0x36 build/stm32f10x_tim.o
 .text.TIM_ClearOC2Ref
                0x0000000000000000       0x3a build/stm32f10x_tim.o
 .text.TIM_ClearOC3Ref
                0x0000000000000000       0x36 build/stm32f10x_tim.o
 .text.TIM_ClearOC4Ref
                0x0000000000000000       0x3a build/stm32f10x_tim.o
 .text.TIM_OC1PolarityConfig
                0x0000000000000000       0x36 build/stm32f10x_tim.o
 .text.TIM_OC1NPolarityConfig
                0x0000000000000000       0x36 build/stm32f10x_tim.o
 .text.TIM_OC2PolarityConfig
                0x0000000000000000       0x3a build/stm32f10x_tim.o
 .text.TIM_OC2NPolarityConfig
                0x0000000000000000       0x3a build/stm32f10x_tim.o
 .text.TIM_OC3PolarityConfig
                0x0000000000000000       0x3a build/stm32f10x_tim.o
 .text.TIM_OC3NPolarityConfig
                0x0000000000000000       0x3a build/stm32f10x_tim.o
 .text.TIM_OC4PolarityConfig
                0x0000000000000000       0x3a build/stm32f10x_tim.o
 .text.TIM_CCxCmd
                0x0000000000000000       0x54 build/stm32f10x_tim.o
 .text.TIM_CCxNCmd
                0x0000000000000000       0x54 build/stm32f10x_tim.o
 .text.TIM_SelectOCxM
                0x0000000000000000       0xb0 build/stm32f10x_tim.o
 .text.TIM_UpdateDisableConfig
                0x0000000000000000       0x3e build/stm32f10x_tim.o
 .text.TIM_UpdateRequestConfig
                0x0000000000000000       0x3e build/stm32f10x_tim.o
 .text.TIM_SelectHallSensor
                0x0000000000000000       0x3e build/stm32f10x_tim.o
 .text.TIM_SelectOnePulseMode
                0x0000000000000000       0x36 build/stm32f10x_tim.o
 .text.TIM_SelectOutputTrigger
                0x0000000000000000       0x36 build/stm32f10x_tim.o
 .text.TIM_SelectSlaveMode
                0x0000000000000000       0x36 build/stm32f10x_tim.o
 .text.TIM_SelectMasterSlaveMode
                0x0000000000000000       0x36 build/stm32f10x_tim.o
 .text.TIM_SetCounter
                0x0000000000000000       0x1c build/stm32f10x_tim.o
 .text.TIM_SetAutoreload
                0x0000000000000000       0x1c build/stm32f10x_tim.o
 .text.TIM_SetCompare1
                0x0000000000000000       0x1c build/stm32f10x_tim.o
 .text.TIM_SetCompare2
                0x0000000000000000       0x1c build/stm32f10x_tim.o
 .text.TIM_SetCompare3
                0x0000000000000000       0x1c build/stm32f10x_tim.o
 .text.TIM_SetCompare4
                0x0000000000000000       0x1e build/stm32f10x_tim.o
 .text.TIM_SetIC1Prescaler
                0x0000000000000000       0x36 build/stm32f10x_tim.o
 .text.TIM_SetIC2Prescaler
                0x0000000000000000       0x3a build/stm32f10x_tim.o
 .text.TIM_SetIC3Prescaler
                0x0000000000000000       0x36 build/stm32f10x_tim.o
 .text.TIM_SetIC4Prescaler
                0x0000000000000000       0x3a build/stm32f10x_tim.o
 .text.TIM_SetClockDivision
                0x0000000000000000       0x36 build/stm32f10x_tim.o
 .text.TIM_GetCapture1
                0x0000000000000000       0x18 build/stm32f10x_tim.o
 .text.TIM_GetCapture2
                0x0000000000000000       0x18 build/stm32f10x_tim.o
 .text.TIM_GetCapture3
                0x0000000000000000       0x18 build/stm32f10x_tim.o
 .text.TIM_GetCapture4
                0x0000000000000000       0x1a build/stm32f10x_tim.o
 .text.TIM_GetCounter
                0x0000000000000000       0x18 build/stm32f10x_tim.o
 .text.TIM_GetPrescaler
                0x0000000000000000       0x18 build/stm32f10x_tim.o
 .text.TIM_GetFlagStatus
                0x0000000000000000       0x36 build/stm32f10x_tim.o
 .text.TIM_ClearFlag
                0x0000000000000000       0x20 build/stm32f10x_tim.o
 .text.TIM_GetITStatus
                0x0000000000000000       0x52 build/stm32f10x_tim.o
 .text.TIM_ClearITPendingBit
                0x0000000000000000       0x20 build/stm32f10x_tim.o
 .text.TI1_Config
                0x0000000000000000       0xe0 build/stm32f10x_tim.o
 .text.TI2_Config
                0x0000000000000000       0xf4 build/stm32f10x_tim.o
 .text.TI3_Config
                0x0000000000000000       0xec build/stm32f10x_tim.o
 .text.TI4_Config
                0x0000000000000000       0xf8 build/stm32f10x_tim.o
 .comment       0x0000000000000000       0x13 build/stm32f10x_tim.o
 .ARM.attributes
                0x0000000000000000       0x2d build/stm32f10x_tim.o
 .text          0x0000000000000000        0x0 build/system_stm32f10x.o
 .data          0x0000000000000000        0x0 build/system_stm32f10x.o
 .bss           0x0000000000000000        0x0 build/system_stm32f10x.o
 .data.SystemCoreClock
                0x0000000000000000        0x4 build/system_stm32f10x.o
 .data.AHBPrescTable
                0x0000000000000000       0x10 build/system_stm32f10x.o
 .text.SystemCoreClockUpdate
                0x0000000000000000       0xe4 build/system_stm32f10x.o
 .text          0x0000000000000000        0x0 build/delay.o
 .data          0x0000000000000000        0x0 build/delay.o
 .bss           0x0000000000000000        0x0 build/delay.o
 .text.timer_init_ms
                0x0000000000000000       0x3e build/delay.o
 .text.timer_init_us
                0x0000000000000000       0x3e build/delay.o
 .text.stop_timer
                0x0000000000000000       0x1a build/delay.o
 .text.delay1ms
                0x0000000000000000       0x26 build/delay.o
 .text.delay_ms
                0x0000000000000000       0x28 build/delay.o
 .text.delay_us
                0x0000000000000000       0x36 build/delay.o
 .comment       0x0000000000000000       0x13 build/delay.o
 .ARM.attributes
                0x0000000000000000       0x2d build/delay.o
 .text          0x0000000000000000       0x14 build/startup_stm32f103xb.o
 .data          0x0000000000000000        0x0 build/startup_stm32f103xb.o
 .bss           0x0000000000000000        0x0 build/startup_stm32f103xb.o
 .text          0x0000000000000000        0xc c:/msys64/mingw64/bin/../lib/gcc/arm-none-eabi/10.1.0/../../../../arm-none-eabi/lib/thumb/v7-m/nofp\libc_nano.a(lib_a-atexit.o)
 .data          0x0000000000000000        0x0 c:/msys64/mingw64/bin/../lib/gcc/arm-none-eabi/10.1.0/../../../../arm-none-eabi/lib/thumb/v7-m/nofp\libc_nano.a(lib_a-atexit.o)
 .bss           0x0000000000000000        0x0 c:/msys64/mingw64/bin/../lib/gcc/arm-none-eabi/10.1.0/../../../../arm-none-eabi/lib/thumb/v7-m/nofp\libc_nano.a(lib_a-atexit.o)
 .debug_frame   0x0000000000000000       0x20 c:/msys64/mingw64/bin/../lib/gcc/arm-none-eabi/10.1.0/../../../../arm-none-eabi/lib/thumb/v7-m/nofp\libc_nano.a(lib_a-atexit.o)
 .ARM.attributes
                0x0000000000000000       0x2d c:/msys64/mingw64/bin/../lib/gcc/arm-none-eabi/10.1.0/../../../../arm-none-eabi/lib/thumb/v7-m/nofp\libc_nano.a(lib_a-atexit.o)
 .text          0x0000000000000000       0x28 c:/msys64/mingw64/bin/../lib/gcc/arm-none-eabi/10.1.0/../../../../arm-none-eabi/lib/thumb/v7-m/nofp\libc_nano.a(lib_a-exit.o)
 .data          0x0000000000000000        0x0 c:/msys64/mingw64/bin/../lib/gcc/arm-none-eabi/10.1.0/../../../../arm-none-eabi/lib/thumb/v7-m/nofp\libc_nano.a(lib_a-exit.o)
 .bss           0x0000000000000000        0x0 c:/msys64/mingw64/bin/../lib/gcc/arm-none-eabi/10.1.0/../../../../arm-none-eabi/lib/thumb/v7-m/nofp\libc_nano.a(lib_a-exit.o)
 .debug_frame   0x0000000000000000       0x28 c:/msys64/mingw64/bin/../lib/gcc/arm-none-eabi/10.1.0/../../../../arm-none-eabi/lib/thumb/v7-m/nofp\libc_nano.a(lib_a-exit.o)
 .ARM.attributes
                0x0000000000000000       0x2d c:/msys64/mingw64/bin/../lib/gcc/arm-none-eabi/10.1.0/../../../../arm-none-eabi/lib/thumb/v7-m/nofp\libc_nano.a(lib_a-exit.o)
 .text          0x0000000000000000       0x34 c:/msys64/mingw64/bin/../lib/gcc/arm-none-eabi/10.1.0/../../../../arm-none-eabi/lib/thumb/v7-m/nofp\libc_nano.a(lib_a-fini.o)
 .data          0x0000000000000000        0x0 c:/msys64/mingw64/bin/../lib/gcc/arm-none-eabi/10.1.0/../../../../arm-none-eabi/lib/thumb/v7-m/nofp\libc_nano.a(lib_a-fini.o)
 .bss           0x0000000000000000        0x0 c:/msys64/mingw64/bin/../lib/gcc/arm-none-eabi/10.1.0/../../../../arm-none-eabi/lib/thumb/v7-m/nofp\libc_nano.a(lib_a-fini.o)
 .debug_frame   0x0000000000000000       0x34 c:/msys64/mingw64/bin/../lib/gcc/arm-none-eabi/10.1.0/../../../../arm-none-eabi/lib/thumb/v7-m/nofp\libc_nano.a(lib_a-fini.o)
 .ARM.attributes
                0x0000000000000000       0x2d c:/msys64/mingw64/bin/../lib/gcc/arm-none-eabi/10.1.0/../../../../arm-none-eabi/lib/thumb/v7-m/nofp\libc_nano.a(lib_a-fini.o)
 .text          0x0000000000000000        0x0 c:/msys64/mingw64/bin/../lib/gcc/arm-none-eabi/10.1.0/../../../../arm-none-eabi/lib/thumb/v7-m/nofp\libc_nano.a(lib_a-impure.o)
 .data          0x0000000000000000       0x64 c:/msys64/mingw64/bin/../lib/gcc/arm-none-eabi/10.1.0/../../../../arm-none-eabi/lib/thumb/v7-m/nofp\libc_nano.a(lib_a-impure.o)
 .bss           0x0000000000000000        0x0 c:/msys64/mingw64/bin/../lib/gcc/arm-none-eabi/10.1.0/../../../../arm-none-eabi/lib/thumb/v7-m/nofp\libc_nano.a(lib_a-impure.o)
 .rodata        0x0000000000000000        0x4 c:/msys64/mingw64/bin/../lib/gcc/arm-none-eabi/10.1.0/../../../../arm-none-eabi/lib/thumb/v7-m/nofp\libc_nano.a(lib_a-impure.o)
 .ARM.attributes
                0x0000000000000000       0x2d c:/msys64/mingw64/bin/../lib/gcc/arm-none-eabi/10.1.0/../../../../arm-none-eabi/lib/thumb/v7-m/nofp\libc_nano.a(lib_a-impure.o)
 .data          0x0000000000000000        0x0 c:/msys64/mingw64/bin/../lib/gcc/arm-none-eabi/10.1.0/../../../../arm-none-eabi/lib/thumb/v7-m/nofp\libc_nano.a(lib_a-init.o)
 .bss           0x0000000000000000        0x0 c:/msys64/mingw64/bin/../lib/gcc/arm-none-eabi/10.1.0/../../../../arm-none-eabi/lib/thumb/v7-m/nofp\libc_nano.a(lib_a-init.o)
 .text          0x0000000000000000       0xa0 c:/msys64/mingw64/bin/../lib/gcc/arm-none-eabi/10.1.0/../../../../arm-none-eabi/lib/thumb/v7-m/nofp\libc_nano.a(lib_a-memset.o)
 .data          0x0000000000000000        0x0 c:/msys64/mingw64/bin/../lib/gcc/arm-none-eabi/10.1.0/../../../../arm-none-eabi/lib/thumb/v7-m/nofp\libc_nano.a(lib_a-memset.o)
 .bss           0x0000000000000000        0x0 c:/msys64/mingw64/bin/../lib/gcc/arm-none-eabi/10.1.0/../../../../arm-none-eabi/lib/thumb/v7-m/nofp\libc_nano.a(lib_a-memset.o)
 .debug_frame   0x0000000000000000       0x38 c:/msys64/mingw64/bin/../lib/gcc/arm-none-eabi/10.1.0/../../../../arm-none-eabi/lib/thumb/v7-m/nofp\libc_nano.a(lib_a-memset.o)
 .ARM.attributes
                0x0000000000000000       0x2d c:/msys64/mingw64/bin/../lib/gcc/arm-none-eabi/10.1.0/../../../../arm-none-eabi/lib/thumb/v7-m/nofp\libc_nano.a(lib_a-memset.o)
 .text          0x0000000000000000       0xc8 c:/msys64/mingw64/bin/../lib/gcc/arm-none-eabi/10.1.0/../../../../arm-none-eabi/lib/thumb/v7-m/nofp\libc_nano.a(lib_a-__atexit.o)
 .data          0x0000000000000000        0x4 c:/msys64/mingw64/bin/../lib/gcc/arm-none-eabi/10.1.0/../../../../arm-none-eabi/lib/thumb/v7-m/nofp\libc_nano.a(lib_a-__atexit.o)
 .bss           0x0000000000000000       0x8c c:/msys64/mingw64/bin/../lib/gcc/arm-none-eabi/10.1.0/../../../../arm-none-eabi/lib/thumb/v7-m/nofp\libc_nano.a(lib_a-__atexit.o)
 .debug_frame   0x0000000000000000       0x34 c:/msys64/mingw64/bin/../lib/gcc/arm-none-eabi/10.1.0/../../../../arm-none-eabi/lib/thumb/v7-m/nofp\libc_nano.a(lib_a-__atexit.o)
 .ARM.attributes
                0x0000000000000000       0x2d c:/msys64/mingw64/bin/../lib/gcc/arm-none-eabi/10.1.0/../../../../arm-none-eabi/lib/thumb/v7-m/nofp\libc_nano.a(lib_a-__atexit.o)
 .text          0x0000000000000000       0xb0 c:/msys64/mingw64/bin/../lib/gcc/arm-none-eabi/10.1.0/../../../../arm-none-eabi/lib/thumb/v7-m/nofp\libc_nano.a(lib_a-__call_atexit.o)
 .data          0x0000000000000000        0x4 c:/msys64/mingw64/bin/../lib/gcc/arm-none-eabi/10.1.0/../../../../arm-none-eabi/lib/thumb/v7-m/nofp\libc_nano.a(lib_a-__call_atexit.o)
 .bss           0x0000000000000000        0x4 c:/msys64/mingw64/bin/../lib/gcc/arm-none-eabi/10.1.0/../../../../arm-none-eabi/lib/thumb/v7-m/nofp\libc_nano.a(lib_a-__call_atexit.o)
 .debug_frame   0x0000000000000000       0x4c c:/msys64/mingw64/bin/../lib/gcc/arm-none-eabi/10.1.0/../../../../arm-none-eabi/lib/thumb/v7-m/nofp\libc_nano.a(lib_a-__call_atexit.o)
 .ARM.attributes
                0x0000000000000000       0x2d c:/msys64/mingw64/bin/../lib/gcc/arm-none-eabi/10.1.0/../../../../arm-none-eabi/lib/thumb/v7-m/nofp\libc_nano.a(lib_a-__call_atexit.o)
 .text          0x0000000000000000       0x28 c:/msys64/mingw64/bin/../lib/gcc/arm-none-eabi/10.1.0/../../../../arm-none-eabi/lib/thumb/v7-m/nofp\libc_nano.a(lib_a-lock.o)
 .data          0x0000000000000000        0x0 c:/msys64/mingw64/bin/../lib/gcc/arm-none-eabi/10.1.0/../../../../arm-none-eabi/lib/thumb/v7-m/nofp\libc_nano.a(lib_a-lock.o)
 .bss           0x0000000000000000        0x0 c:/msys64/mingw64/bin/../lib/gcc/arm-none-eabi/10.1.0/../../../../arm-none-eabi/lib/thumb/v7-m/nofp\libc_nano.a(lib_a-lock.o)
 .debug_frame   0x0000000000000000       0xb0 c:/msys64/mingw64/bin/../lib/gcc/arm-none-eabi/10.1.0/../../../../arm-none-eabi/lib/thumb/v7-m/nofp\libc_nano.a(lib_a-lock.o)
 .ARM.attributes
                0x0000000000000000       0x2d c:/msys64/mingw64/bin/../lib/gcc/arm-none-eabi/10.1.0/../../../../arm-none-eabi/lib/thumb/v7-m/nofp\libc_nano.a(lib_a-lock.o)
 COMMON         0x0000000000000000       0x21 c:/msys64/mingw64/bin/../lib/gcc/arm-none-eabi/10.1.0/../../../../arm-none-eabi/lib/thumb/v7-m/nofp\libc_nano.a(lib_a-lock.o)
 .text          0x0000000000000000        0x4 c:/msys64/mingw64/bin/../lib/gcc/arm-none-eabi/10.1.0/../../../../arm-none-eabi/lib/thumb/v7-m/nofp\libnosys.a(_exit.o)
 .data          0x0000000000000000        0x0 c:/msys64/mingw64/bin/../lib/gcc/arm-none-eabi/10.1.0/../../../../arm-none-eabi/lib/thumb/v7-m/nofp\libnosys.a(_exit.o)
 .bss           0x0000000000000000        0x0 c:/msys64/mingw64/bin/../lib/gcc/arm-none-eabi/10.1.0/../../../../arm-none-eabi/lib/thumb/v7-m/nofp\libnosys.a(_exit.o)
 .debug_frame   0x0000000000000000       0x20 c:/msys64/mingw64/bin/../lib/gcc/arm-none-eabi/10.1.0/../../../../arm-none-eabi/lib/thumb/v7-m/nofp\libnosys.a(_exit.o)
 .ARM.attributes
                0x0000000000000000       0x2d c:/msys64/mingw64/bin/../lib/gcc/arm-none-eabi/10.1.0/../../../../arm-none-eabi/lib/thumb/v7-m/nofp\libnosys.a(_exit.o)
 .text          0x0000000000000000        0x0 c:/msys64/mingw64/bin/../lib/gcc/arm-none-eabi/10.1.0/thumb/v7-m/nofp/crtend.o
 .data          0x0000000000000000        0x0 c:/msys64/mingw64/bin/../lib/gcc/arm-none-eabi/10.1.0/thumb/v7-m/nofp/crtend.o
 .bss           0x0000000000000000        0x0 c:/msys64/mingw64/bin/../lib/gcc/arm-none-eabi/10.1.0/thumb/v7-m/nofp/crtend.o
 .eh_frame      0x0000000000000000        0x4 c:/msys64/mingw64/bin/../lib/gcc/arm-none-eabi/10.1.0/thumb/v7-m/nofp/crtend.o
 .ARM.attributes
                0x0000000000000000       0x2d c:/msys64/mingw64/bin/../lib/gcc/arm-none-eabi/10.1.0/thumb/v7-m/nofp/crtend.o
 .text          0x0000000000000000        0x0 c:/msys64/mingw64/bin/../lib/gcc/arm-none-eabi/10.1.0/thumb/v7-m/nofp/crtn.o
 .data          0x0000000000000000        0x0 c:/msys64/mingw64/bin/../lib/gcc/arm-none-eabi/10.1.0/thumb/v7-m/nofp/crtn.o
 .bss           0x0000000000000000        0x0 c:/msys64/mingw64/bin/../lib/gcc/arm-none-eabi/10.1.0/thumb/v7-m/nofp/crtn.o

Memory Configuration

Name             Origin             Length             Attributes
RAM              0x0000000020000000 0x0000000000005000 xrw
FLASH            0x0000000008000000 0x0000000000010000 xr
*default*        0x0000000000000000 0xffffffffffffffff

Linker script and memory map

LOAD c:/msys64/mingw64/bin/../lib/gcc/arm-none-eabi/10.1.0/thumb/v7-m/nofp/crti.o
LOAD c:/msys64/mingw64/bin/../lib/gcc/arm-none-eabi/10.1.0/thumb/v7-m/nofp/crtbegin.o
LOAD c:/msys64/mingw64/bin/../lib/gcc/arm-none-eabi/10.1.0/../../../../arm-none-eabi/lib/thumb/v7-m/nofp/crt0.o
LOAD build/main.o
LOAD build/stm32f10x_gpio.o
LOAD build/stm32f10x_rcc.o
LOAD build/stm32f10x_tim.o
LOAD build/system_stm32f10x.o
LOAD build/delay.o
LOAD build/startup_stm32f103xb.o
LOAD c:/msys64/mingw64/bin/../lib/gcc/arm-none-eabi/10.1.0/../../../../arm-none-eabi/lib/thumb/v7-m/nofp\libc_nano.a
LOAD c:/msys64/mingw64/bin/../lib/gcc/arm-none-eabi/10.1.0/../../../../arm-none-eabi/lib/thumb/v7-m/nofp\libm.a
LOAD c:/msys64/mingw64/bin/../lib/gcc/arm-none-eabi/10.1.0/../../../../arm-none-eabi/lib/thumb/v7-m/nofp\libnosys.a
START GROUP
LOAD c:/msys64/mingw64/bin/../lib/gcc/arm-none-eabi/10.1.0/thumb/v7-m/nofp\libgcc.a
LOAD c:/msys64/mingw64/bin/../lib/gcc/arm-none-eabi/10.1.0/../../../../arm-none-eabi/lib/thumb/v7-m/nofp\libc_nano.a
END GROUP
START GROUP
LOAD c:/msys64/mingw64/bin/../lib/gcc/arm-none-eabi/10.1.0/thumb/v7-m/nofp\libgcc.a
LOAD c:/msys64/mingw64/bin/../lib/gcc/arm-none-eabi/10.1.0/../../../../arm-none-eabi/lib/thumb/v7-m/nofp\libc_nano.a
END GROUP
LOAD c:/msys64/mingw64/bin/../lib/gcc/arm-none-eabi/10.1.0/thumb/v7-m/nofp/crtend.o
LOAD c:/msys64/mingw64/bin/../lib/gcc/arm-none-eabi/10.1.0/thumb/v7-m/nofp/crtn.o
                0x0000000020005000                _estack = 0x20005000
                0x0000000000000200                _Min_Heap_Size = 0x200
                0x0000000000000400                _Min_Stack_Size = 0x400

.isr_vector     0x0000000008000000      0x10c
                0x0000000008000000                . = ALIGN (0x4)
 *(.isr_vector)
 .isr_vector    0x0000000008000000      0x10c build/startup_stm32f103xb.o
                0x0000000008000000                g_pfnVectors
                0x000000000800010c                . = ALIGN (0x4)

.text           0x000000000800010c      0x508
                0x000000000800010c                . = ALIGN (0x4)
 *(.text)
 .text          0x000000000800010c       0x48 c:/msys64/mingw64/bin/../lib/gcc/arm-none-eabi/10.1.0/../../../../arm-none-eabi/lib/thumb/v7-m/nofp\libc_nano.a(lib_a-init.o)
                0x000000000800010c                __libc_init_array
 *(.text*)
 .text.__do_global_dtors_aux
                0x0000000008000154       0x24 c:/msys64/mingw64/bin/../lib/gcc/arm-none-eabi/10.1.0/thumb/v7-m/nofp/crtbegin.o
 .text.frame_dummy
                0x0000000008000178       0x1c c:/msys64/mingw64/bin/../lib/gcc/arm-none-eabi/10.1.0/thumb/v7-m/nofp/crtbegin.o
 .text.Delay_1_Ms
                0x0000000008000194       0x38 build/main.o
                0x0000000008000194                Delay_1_Ms
 .text.Delay_Ms
                0x00000000080001cc       0x24 build/main.o
                0x00000000080001cc                Delay_Ms
 .text.main     0x00000000080001f0       0x60 build/main.o
                0x00000000080001f0                main
 .text.GPIO_Init
                0x0000000008000250      0x178 build/stm32f10x_gpio.o
                0x0000000008000250                GPIO_Init
 .text.GPIO_SetBits
                0x00000000080003c8       0x1c build/stm32f10x_gpio.o
                0x00000000080003c8                GPIO_SetBits
 .text.GPIO_ResetBits
                0x00000000080003e4       0x1c build/stm32f10x_gpio.o
                0x00000000080003e4                GPIO_ResetBits
 .text.RCC_APB2PeriphClockCmd
                0x0000000008000400       0x3c build/stm32f10x_rcc.o
                0x0000000008000400                RCC_APB2PeriphClockCmd
 .text.SystemInit
                0x000000000800043c       0x68 build/system_stm32f10x.o
                0x000000000800043c                SystemInit
 .text.SetSysClock
                0x00000000080004a4        0xc build/system_stm32f10x.o
 .text.SetSysClockTo72
                0x00000000080004b0      0x100 build/system_stm32f10x.o
 .text.Reset_Handler
                0x00000000080005b0       0x48 build/startup_stm32f103xb.o
                0x00000000080005b0                Reset_Handler
 .text.Default_Handler
                0x00000000080005f8        0x2 build/startup_stm32f103xb.o
                0x00000000080005f8                RTC_Alarm_IRQHandler
                0x00000000080005f8                EXTI2_IRQHandler
                0x00000000080005f8                DebugMon_Handler
                0x00000000080005f8                TIM1_CC_IRQHandler
                0x00000000080005f8                HardFault_Handler
                0x00000000080005f8                SysTick_Handler
                0x00000000080005f8                PVD_IRQHandler
                0x00000000080005f8                PendSV_Handler
                0x00000000080005f8                NMI_Handler
                0x00000000080005f8                EXTI3_IRQHandler
                0x00000000080005f8                EXTI0_IRQHandler
                0x00000000080005f8                I2C2_EV_IRQHandler
                0x00000000080005f8                UsageFault_Handler
                0x00000000080005f8                ADC1_2_IRQHandler
                0x00000000080005f8                SPI1_IRQHandler
                0x00000000080005f8                TAMPER_IRQHandler
                0x00000000080005f8                DMA1_Channel4_IRQHandler
                0x00000000080005f8                USART3_IRQHandler
                0x00000000080005f8                RTC_IRQHandler
                0x00000000080005f8                DMA1_Channel7_IRQHandler
                0x00000000080005f8                CAN1_RX1_IRQHandler
                0x00000000080005f8                TIM4_IRQHandler
                0x00000000080005f8                I2C1_EV_IRQHandler
                0x00000000080005f8                DMA1_Channel6_IRQHandler
                0x00000000080005f8                TIM3_IRQHandler
                0x00000000080005f8                RCC_IRQHandler
                0x00000000080005f8                TIM1_TRG_COM_IRQHandler
                0x00000000080005f8                DMA1_Channel1_IRQHandler
                0x00000000080005f8                Default_Handler
                0x00000000080005f8                EXTI15_10_IRQHandler
                0x00000000080005f8                EXTI9_5_IRQHandler
                0x00000000080005f8                SPI2_IRQHandler
                0x00000000080005f8                MemManage_Handler
                0x00000000080005f8                SVC_Handler
                0x00000000080005f8                DMA1_Channel5_IRQHandler
                0x00000000080005f8                EXTI4_IRQHandler
                0x00000000080005f8                USB_LP_CAN1_RX0_IRQHandler
                0x00000000080005f8                USB_HP_CAN1_TX_IRQHandler
                0x00000000080005f8                DMA1_Channel3_IRQHandler
                0x00000000080005f8                TIM1_UP_IRQHandler
                0x00000000080005f8                WWDG_IRQHandler
                0x00000000080005f8                TIM2_IRQHandler
                0x00000000080005f8                TIM1_BRK_IRQHandler
                0x00000000080005f8                EXTI1_IRQHandler
                0x00000000080005f8                USART2_IRQHandler
                0x00000000080005f8                I2C2_ER_IRQHandler
                0x00000000080005f8                DMA1_Channel2_IRQHandler
                0x00000000080005f8                CAN1_SCE_IRQHandler
                0x00000000080005f8                FLASH_IRQHandler
                0x00000000080005f8                BusFault_Handler
                0x00000000080005f8                USART1_IRQHandler
                0x00000000080005f8                I2C1_ER_IRQHandler
                0x00000000080005f8                USBWakeUp_IRQHandler
 *(.glue_7)
 .glue_7        0x00000000080005fa        0x0 linker stubs
 *(.glue_7t)
 .glue_7t       0x00000000080005fa        0x0 linker stubs
 *(.eh_frame)
 *fill*         0x00000000080005fa        0x2 
 .eh_frame      0x00000000080005fc        0x0 c:/msys64/mingw64/bin/../lib/gcc/arm-none-eabi/10.1.0/thumb/v7-m/nofp/crtbegin.o
 *(.init)
 .init          0x00000000080005fc        0x4 c:/msys64/mingw64/bin/../lib/gcc/arm-none-eabi/10.1.0/thumb/v7-m/nofp/crti.o
                0x00000000080005fc                _init
 .init          0x0000000008000600        0x8 c:/msys64/mingw64/bin/../lib/gcc/arm-none-eabi/10.1.0/thumb/v7-m/nofp/crtn.o
 *(.fini)
 .fini          0x0000000008000608        0x4 c:/msys64/mingw64/bin/../lib/gcc/arm-none-eabi/10.1.0/thumb/v7-m/nofp/crti.o
                0x0000000008000608                _fini
 .fini          0x000000000800060c        0x8 c:/msys64/mingw64/bin/../lib/gcc/arm-none-eabi/10.1.0/thumb/v7-m/nofp/crtn.o
                0x0000000008000614                . = ALIGN (0x4)
                0x0000000008000614                _etext = .

.vfp11_veneer   0x0000000008000614        0x0
 .vfp11_veneer  0x0000000008000614        0x0 linker stubs

.v4_bx          0x0000000008000614        0x0
 .v4_bx         0x0000000008000614        0x0 linker stubs

.iplt           0x0000000008000614        0x0
 .iplt          0x0000000008000614        0x0 c:/msys64/mingw64/bin/../lib/gcc/arm-none-eabi/10.1.0/thumb/v7-m/nofp/crtbegin.o

.rel.dyn        0x0000000008000614        0x0
 .rel.iplt      0x0000000008000614        0x0 c:/msys64/mingw64/bin/../lib/gcc/arm-none-eabi/10.1.0/thumb/v7-m/nofp/crtbegin.o

.rodata         0x0000000008000614        0x0
                0x0000000008000614                . = ALIGN (0x4)
 *(.rodata)
 *(.rodata*)
                0x0000000008000614                . = ALIGN (0x4)

.ARM.extab
 *(.ARM.extab* .gnu.linkonce.armextab.*)

.ARM            0x0000000008000614        0x0
                0x0000000008000614                __exidx_start = .
 *(.ARM.exidx*)
                0x0000000008000614                __exidx_end = .

.preinit_array  0x0000000008000614        0x0
                0x0000000008000614                PROVIDE (__preinit_array_start = .)
 *(.preinit_array*)
                0x0000000008000614                PROVIDE (__preinit_array_end = .)

.init_array     0x0000000008000614        0x4
                0x0000000008000614                PROVIDE (__init_array_start = .)
 *(SORT_BY_NAME(.init_array.*))
 *(.init_array*)
 .init_array    0x0000000008000614        0x4 c:/msys64/mingw64/bin/../lib/gcc/arm-none-eabi/10.1.0/thumb/v7-m/nofp/crtbegin.o
                0x0000000008000618                PROVIDE (__init_array_end = .)

.fini_array     0x0000000008000618        0x4
                0x0000000008000618                PROVIDE (__fini_array_start = .)
 *(SORT_BY_NAME(.fini_array.*))
 *(.fini_array*)
 .fini_array    0x0000000008000618        0x4 c:/msys64/mingw64/bin/../lib/gcc/arm-none-eabi/10.1.0/thumb/v7-m/nofp/crtbegin.o
                0x000000000800061c                PROVIDE (__fini_array_end = .)
                0x000000000800061c                _sidata = LOADADDR (.data)

.data           0x0000000020000000        0x0 load address 0x000000000800061c
                0x0000000020000000                . = ALIGN (0x4)
                0x0000000020000000                _sdata = .
 *(.data)
 *(.data*)
                0x0000000020000000                . = ALIGN (0x4)
                0x0000000020000000                _edata = .

.igot.plt       0x0000000020000000        0x0 load address 0x000000000800061c
 .igot.plt      0x0000000020000000        0x0 c:/msys64/mingw64/bin/../lib/gcc/arm-none-eabi/10.1.0/thumb/v7-m/nofp/crtbegin.o
                0x0000000020000000                . = ALIGN (0x4)

.bss            0x0000000020000000       0x1c load address 0x000000000800061c
                0x0000000020000000                _sbss = .
                0x0000000020000000                __bss_start__ = _sbss
 *(.bss)
 *(.bss*)
 .bss.completed.1
                0x0000000020000000        0x1 c:/msys64/mingw64/bin/../lib/gcc/arm-none-eabi/10.1.0/thumb/v7-m/nofp/crtbegin.o
 *fill*         0x0000000020000001        0x3 
 .bss.object.0  0x0000000020000004       0x18 c:/msys64/mingw64/bin/../lib/gcc/arm-none-eabi/10.1.0/thumb/v7-m/nofp/crtbegin.o
 *(COMMON)
                0x000000002000001c                . = ALIGN (0x4)
                0x000000002000001c                _ebss = .
                0x000000002000001c                __bss_end__ = _ebss

._user_heap_stack
                0x000000002000001c      0x604 load address 0x000000000800061c
                0x0000000020000020                . = ALIGN (0x8)
 *fill*         0x000000002000001c        0x4 
                [!provide]                        PROVIDE (end = .)
                [!provide]                        PROVIDE (_end = .)
                0x0000000020000220                . = (. + _Min_Heap_Size)
 *fill*         0x0000000020000020      0x200 
                0x0000000020000620                . = (. + _Min_Stack_Size)
 *fill*         0x0000000020000220      0x400 
                0x0000000020000620                . = ALIGN (0x8)

/DISCARD/
 libc.a(*)
 libm.a(*)
 libgcc.a(*)

.ARM.attributes
                0x0000000000000000       0x29
 *(.ARM.attributes)
 .ARM.attributes
                0x0000000000000000       0x1d c:/msys64/mingw64/bin/../lib/gcc/arm-none-eabi/10.1.0/thumb/v7-m/nofp/crti.o
 .ARM.attributes
                0x000000000000001d       0x2d c:/msys64/mingw64/bin/../lib/gcc/arm-none-eabi/10.1.0/thumb/v7-m/nofp/crtbegin.o
 .ARM.attributes
                0x000000000000004a       0x2d build/main.o
 .ARM.attributes
                0x0000000000000077       0x2d build/stm32f10x_gpio.o
 .ARM.attributes
                0x00000000000000a4       0x2d build/stm32f10x_rcc.o
 .ARM.attributes
                0x00000000000000d1       0x2d build/system_stm32f10x.o
 .ARM.attributes
                0x00000000000000fe       0x21 build/startup_stm32f103xb.o
 .ARM.attributes
                0x000000000000011f       0x2d c:/msys64/mingw64/bin/../lib/gcc/arm-none-eabi/10.1.0/../../../../arm-none-eabi/lib/thumb/v7-m/nofp\libc_nano.a(lib_a-init.o)
 .ARM.attributes
                0x000000000000014c       0x1d c:/msys64/mingw64/bin/../lib/gcc/arm-none-eabi/10.1.0/thumb/v7-m/nofp/crtn.o
OUTPUT(build/l298.elf elf32-littlearm)
LOAD linker stubs
LOAD c:/msys64/mingw64/bin/../lib/gcc/arm-none-eabi/10.1.0/../../../../arm-none-eabi/lib/thumb/v7-m/nofp\libc.a
LOAD c:/msys64/mingw64/bin/../lib/gcc/arm-none-eabi/10.1.0/../../../../arm-none-eabi/lib/thumb/v7-m/nofp\libm.a
LOAD c:/msys64/mingw64/bin/../lib/gcc/arm-none-eabi/10.1.0/thumb/v7-m/nofp\libgcc.a

.comment        0x0000000000000000       0x12
 .comment       0x0000000000000000       0x12 build/main.o
                                         0x13 (size before relaxing)
 .comment       0x0000000000000012       0x13 build/stm32f10x_gpio.o
 .comment       0x0000000000000012       0x13 build/stm32f10x_rcc.o
 .comment       0x0000000000000012       0x13 build/system_stm32f10x.o

.debug_frame    0x0000000000000000       0x2c
 .debug_frame   0x0000000000000000       0x2c c:/msys64/mingw64/bin/../lib/gcc/arm-none-eabi/10.1.0/../../../../arm-none-eabi/lib/thumb/v7-m/nofp\libc_nano.a(lib_a-init.o)

Cross Reference Table

Symbol                                            File
ADC1_2_IRQHandler                                 build/startup_stm32f103xb.o
AHBPrescTable                                     build/system_stm32f10x.o
BusFault_Handler                                  build/startup_stm32f103xb.o
CAN1_RX1_IRQHandler                               build/startup_stm32f103xb.o
CAN1_SCE_IRQHandler                               build/startup_stm32f103xb.o
DMA1_Channel1_IRQHandler                          build/startup_stm32f103xb.o
DMA1_Channel2_IRQHandler                          build/startup_stm32f103xb.o
DMA1_Channel3_IRQHandler                          build/startup_stm32f103xb.o
DMA1_Channel4_IRQHandler                          build/startup_stm32f103xb.o
DMA1_Channel5_IRQHandler                          build/startup_stm32f103xb.o
DMA1_Channel6_IRQHandler                          build/startup_stm32f103xb.o
DMA1_Channel7_IRQHandler                          build/startup_stm32f103xb.o
DebugMon_Handler                                  build/startup_stm32f103xb.o
Default_Handler                                   build/startup_stm32f103xb.o
Delay_1_Ms                                        build/main.o
Delay_Ms                                          build/main.o
EXTI0_IRQHandler                                  build/startup_stm32f103xb.o
EXTI15_10_IRQHandler                              build/startup_stm32f103xb.o
EXTI1_IRQHandler                                  build/startup_stm32f103xb.o
EXTI2_IRQHandler                                  build/startup_stm32f103xb.o
EXTI3_IRQHandler                                  build/startup_stm32f103xb.o
EXTI4_IRQHandler                                  build/startup_stm32f103xb.o
EXTI9_5_IRQHandler                                build/startup_stm32f103xb.o
FLASH_IRQHandler                                  build/startup_stm32f103xb.o
GPIO_AFIODeInit                                   build/stm32f10x_gpio.o
GPIO_DeInit                                       build/stm32f10x_gpio.o
GPIO_ETH_MediaInterfaceConfig                     build/stm32f10x_gpio.o
GPIO_EXTILineConfig                               build/stm32f10x_gpio.o
GPIO_EventOutputCmd                               build/stm32f10x_gpio.o
GPIO_EventOutputConfig                            build/stm32f10x_gpio.o
GPIO_Init                                         build/stm32f10x_gpio.o
                                                  build/main.o
GPIO_PinLockConfig                                build/stm32f10x_gpio.o
GPIO_PinRemapConfig                               build/stm32f10x_gpio.o
GPIO_ReadInputData                                build/stm32f10x_gpio.o
GPIO_ReadInputDataBit                             build/stm32f10x_gpio.o
GPIO_ReadOutputData                               build/stm32f10x_gpio.o
GPIO_ReadOutputDataBit                            build/stm32f10x_gpio.o
GPIO_ResetBits                                    build/stm32f10x_gpio.o
                                                  build/main.o
GPIO_SetBits                                      build/stm32f10x_gpio.o
                                                  build/main.o
GPIO_StructInit                                   build/stm32f10x_gpio.o
GPIO_TogglePin                                    build/stm32f10x_gpio.o
GPIO_Write                                        build/stm32f10x_gpio.o
GPIO_WriteBit                                     build/stm32f10x_gpio.o
HardFault_Handler                                 build/startup_stm32f103xb.o
I2C1_ER_IRQHandler                                build/startup_stm32f103xb.o
I2C1_EV_IRQHandler                                build/startup_stm32f103xb.o
I2C2_ER_IRQHandler                                build/startup_stm32f103xb.o
I2C2_EV_IRQHandler                                build/startup_stm32f103xb.o
MemManage_Handler                                 build/startup_stm32f103xb.o
NMI_Handler                                       build/startup_stm32f103xb.o
PVD_IRQHandler                                    build/startup_stm32f103xb.o
PendSV_Handler                                    build/startup_stm32f103xb.o
RCC_ADCCLKConfig                                  build/stm32f10x_rcc.o
RCC_AHBPeriphClockCmd                             build/stm32f10x_rcc.o
RCC_APB1PeriphClockCmd                            build/stm32f10x_rcc.o
                                                  build/delay.o
RCC_APB1PeriphResetCmd                            build/stm32f10x_rcc.o
                                                  build/stm32f10x_tim.o
RCC_APB2PeriphClockCmd                            build/stm32f10x_rcc.o
                                                  build/main.o
RCC_APB2PeriphResetCmd                            build/stm32f10x_rcc.o
                                                  build/stm32f10x_tim.o
                                                  build/stm32f10x_gpio.o
RCC_AdjustHSICalibrationValue                     build/stm32f10x_rcc.o
RCC_BackupResetCmd                                build/stm32f10x_rcc.o
RCC_ClearFlag                                     build/stm32f10x_rcc.o
RCC_ClearITPendingBit                             build/stm32f10x_rcc.o
RCC_ClockSecuritySystemCmd                        build/stm32f10x_rcc.o
RCC_DeInit                                        build/stm32f10x_rcc.o
RCC_GetClocksFreq                                 build/stm32f10x_rcc.o
RCC_GetFlagStatus                                 build/stm32f10x_rcc.o
RCC_GetITStatus                                   build/stm32f10x_rcc.o
RCC_GetSYSCLKSource                               build/stm32f10x_rcc.o
RCC_HCLKConfig                                    build/stm32f10x_rcc.o
RCC_HSEConfig                                     build/stm32f10x_rcc.o
RCC_HSICmd                                        build/stm32f10x_rcc.o
RCC_IRQHandler                                    build/startup_stm32f103xb.o
RCC_ITConfig                                      build/stm32f10x_rcc.o
RCC_LSEConfig                                     build/stm32f10x_rcc.o
RCC_LSICmd                                        build/stm32f10x_rcc.o
RCC_MCOConfig                                     build/stm32f10x_rcc.o
RCC_PCLK1Config                                   build/stm32f10x_rcc.o
RCC_PCLK2Config                                   build/stm32f10x_rcc.o
RCC_PLLCmd                                        build/stm32f10x_rcc.o
RCC_PLLConfig                                     build/stm32f10x_rcc.o
RCC_RTCCLKCmd                                     build/stm32f10x_rcc.o
RCC_RTCCLKConfig                                  build/stm32f10x_rcc.o
RCC_SYSCLKConfig                                  build/stm32f10x_rcc.o
RCC_USBCLKConfig                                  build/stm32f10x_rcc.o
RCC_WaitForHSEStartUp                             build/stm32f10x_rcc.o
RTC_Alarm_IRQHandler                              build/startup_stm32f103xb.o
RTC_IRQHandler                                    build/startup_stm32f103xb.o
Reset_Handler                                     build/startup_stm32f103xb.o
SPI1_IRQHandler                                   build/startup_stm32f103xb.o
SPI2_IRQHandler                                   build/startup_stm32f103xb.o
SVC_Handler                                       build/startup_stm32f103xb.o
SysTick_Handler                                   build/startup_stm32f103xb.o
SystemCoreClock                                   build/system_stm32f10x.o
SystemCoreClockUpdate                             build/system_stm32f10x.o
SystemInit                                        build/system_stm32f10x.o
                                                  build/startup_stm32f103xb.o
TAMPER_IRQHandler                                 build/startup_stm32f103xb.o
TIM1_BRK_IRQHandler                               build/startup_stm32f103xb.o
TIM1_CC_IRQHandler                                build/startup_stm32f103xb.o
TIM1_TRG_COM_IRQHandler                           build/startup_stm32f103xb.o
TIM1_UP_IRQHandler                                build/startup_stm32f103xb.o
TIM2_IRQHandler                                   build/startup_stm32f103xb.o
TIM3_IRQHandler                                   build/startup_stm32f103xb.o
TIM4_IRQHandler                                   build/startup_stm32f103xb.o
TIM_ARRPreloadConfig                              build/stm32f10x_tim.o
TIM_BDTRConfig                                    build/stm32f10x_tim.o
TIM_BDTRStructInit                                build/stm32f10x_tim.o
TIM_CCPreloadControl                              build/stm32f10x_tim.o
TIM_CCxCmd                                        build/stm32f10x_tim.o
TIM_CCxNCmd                                       build/stm32f10x_tim.o
TIM_ClearFlag                                     build/stm32f10x_tim.o
TIM_ClearITPendingBit                             build/stm32f10x_tim.o
TIM_ClearOC1Ref                                   build/stm32f10x_tim.o
TIM_ClearOC2Ref                                   build/stm32f10x_tim.o
TIM_ClearOC3Ref                                   build/stm32f10x_tim.o
TIM_ClearOC4Ref                                   build/stm32f10x_tim.o
TIM_Cmd                                           build/stm32f10x_tim.o
                                                  build/delay.o
TIM_CounterModeConfig                             build/stm32f10x_tim.o
TIM_CtrlPWMOutputs                                build/stm32f10x_tim.o
TIM_DMACmd                                        build/stm32f10x_tim.o
TIM_DMAConfig                                     build/stm32f10x_tim.o
TIM_DeInit                                        build/stm32f10x_tim.o
TIM_ETRClockMode1Config                           build/stm32f10x_tim.o
TIM_ETRClockMode2Config                           build/stm32f10x_tim.o
TIM_ETRConfig                                     build/stm32f10x_tim.o
TIM_EncoderInterfaceConfig                        build/stm32f10x_tim.o
TIM_ForcedOC1Config                               build/stm32f10x_tim.o
TIM_ForcedOC2Config                               build/stm32f10x_tim.o
TIM_ForcedOC3Config                               build/stm32f10x_tim.o
TIM_ForcedOC4Config                               build/stm32f10x_tim.o
TIM_GenerateEvent                                 build/stm32f10x_tim.o
TIM_GetCapture1                                   build/stm32f10x_tim.o
TIM_GetCapture2                                   build/stm32f10x_tim.o
TIM_GetCapture3                                   build/stm32f10x_tim.o
TIM_GetCapture4                                   build/stm32f10x_tim.o
TIM_GetCounter                                    build/stm32f10x_tim.o
                                                  build/delay.o
TIM_GetFlagStatus                                 build/stm32f10x_tim.o
TIM_GetITStatus                                   build/stm32f10x_tim.o
TIM_GetPrescaler                                  build/stm32f10x_tim.o
TIM_ICInit                                        build/stm32f10x_tim.o
TIM_ICStructInit                                  build/stm32f10x_tim.o
TIM_ITConfig                                      build/stm32f10x_tim.o
TIM_ITRxExternalClockConfig                       build/stm32f10x_tim.o
TIM_InternalClockConfig                           build/stm32f10x_tim.o
TIM_OC1FastConfig                                 build/stm32f10x_tim.o
TIM_OC1Init                                       build/stm32f10x_tim.o
TIM_OC1NPolarityConfig                            build/stm32f10x_tim.o
TIM_OC1PolarityConfig                             build/stm32f10x_tim.o
TIM_OC1PreloadConfig                              build/stm32f10x_tim.o
TIM_OC2FastConfig                                 build/stm32f10x_tim.o
TIM_OC2Init                                       build/stm32f10x_tim.o
TIM_OC2NPolarityConfig                            build/stm32f10x_tim.o
TIM_OC2PolarityConfig                             build/stm32f10x_tim.o
TIM_OC2PreloadConfig                              build/stm32f10x_tim.o
TIM_OC3FastConfig                                 build/stm32f10x_tim.o
TIM_OC3Init                                       build/stm32f10x_tim.o
TIM_OC3NPolarityConfig                            build/stm32f10x_tim.o
TIM_OC3PolarityConfig                             build/stm32f10x_tim.o
TIM_OC3PreloadConfig                              build/stm32f10x_tim.o
TIM_OC4FastConfig                                 build/stm32f10x_tim.o
TIM_OC4Init                                       build/stm32f10x_tim.o
TIM_OC4PolarityConfig                             build/stm32f10x_tim.o
TIM_OC4PreloadConfig                              build/stm32f10x_tim.o
TIM_OCStructInit                                  build/stm32f10x_tim.o
TIM_PWMIConfig                                    build/stm32f10x_tim.o
TIM_PrescalerConfig                               build/stm32f10x_tim.o
TIM_SelectCCDMA                                   build/stm32f10x_tim.o
TIM_SelectCOM                                     build/stm32f10x_tim.o
TIM_SelectHallSensor                              build/stm32f10x_tim.o
TIM_SelectInputTrigger                            build/stm32f10x_tim.o
TIM_SelectMasterSlaveMode                         build/stm32f10x_tim.o
TIM_SelectOCxM                                    build/stm32f10x_tim.o
TIM_SelectOnePulseMode                            build/stm32f10x_tim.o
TIM_SelectOutputTrigger                           build/stm32f10x_tim.o
TIM_SelectSlaveMode                               build/stm32f10x_tim.o
TIM_SetAutoreload                                 build/stm32f10x_tim.o
TIM_SetClockDivision                              build/stm32f10x_tim.o
TIM_SetCompare1                                   build/stm32f10x_tim.o
TIM_SetCompare2                                   build/stm32f10x_tim.o
TIM_SetCompare3                                   build/stm32f10x_tim.o
TIM_SetCompare4                                   build/stm32f10x_tim.o
TIM_SetCounter                                    build/stm32f10x_tim.o
                                                  build/delay.o
TIM_SetIC1Prescaler                               build/stm32f10x_tim.o
TIM_SetIC2Prescaler                               build/stm32f10x_tim.o
TIM_SetIC3Prescaler                               build/stm32f10x_tim.o
TIM_SetIC4Prescaler                               build/stm32f10x_tim.o
TIM_TIxExternalClockConfig                        build/stm32f10x_tim.o
TIM_TimeBaseInit                                  build/stm32f10x_tim.o
                                                  build/delay.o
TIM_TimeBaseStructInit                            build/stm32f10x_tim.o
TIM_UpdateDisableConfig                           build/stm32f10x_tim.o
TIM_UpdateRequestConfig                           build/stm32f10x_tim.o
USART1_IRQHandler                                 build/startup_stm32f103xb.o
USART2_IRQHandler                                 build/startup_stm32f103xb.o
USART3_IRQHandler                                 build/startup_stm32f103xb.o
USBWakeUp_IRQHandler                              build/startup_stm32f103xb.o
USB_HP_CAN1_TX_IRQHandler                         build/startup_stm32f103xb.o
USB_LP_CAN1_RX0_IRQHandler                        build/startup_stm32f103xb.o
UsageFault_Handler                                build/startup_stm32f103xb.o
WWDG_IRQHandler                                   build/startup_stm32f103xb.o
__atexit_dummy                                    c:/msys64/mingw64/bin/../lib/gcc/arm-none-eabi/10.1.0/../../../../arm-none-eabi/lib/thumb/v7-m/nofp\libc_nano.a(lib_a-__atexit.o)
__atexit_recursive_mutex                          c:/msys64/mingw64/bin/../lib/gcc/arm-none-eabi/10.1.0/../../../../arm-none-eabi/lib/thumb/v7-m/nofp\libc_nano.a(lib_a-__call_atexit.o)
                                                  c:/msys64/mingw64/bin/../lib/gcc/arm-none-eabi/10.1.0/../../../../arm-none-eabi/lib/thumb/v7-m/nofp\libc_nano.a(lib_a-__atexit.o)
__bss_end__                                       c:/msys64/mingw64/bin/../lib/gcc/arm-none-eabi/10.1.0/../../../../arm-none-eabi/lib/thumb/v7-m/nofp/crt0.o
__bss_start__                                     c:/msys64/mingw64/bin/../lib/gcc/arm-none-eabi/10.1.0/../../../../arm-none-eabi/lib/thumb/v7-m/nofp/crt0.o
__call_exitprocs                                  c:/msys64/mingw64/bin/../lib/gcc/arm-none-eabi/10.1.0/../../../../arm-none-eabi/lib/thumb/v7-m/nofp\libc_nano.a(lib_a-__call_atexit.o)
                                                  c:/msys64/mingw64/bin/../lib/gcc/arm-none-eabi/10.1.0/../../../../arm-none-eabi/lib/thumb/v7-m/nofp\libc_nano.a(lib_a-__atexit.o)
                                                  c:/msys64/mingw64/bin/../lib/gcc/arm-none-eabi/10.1.0/../../../../arm-none-eabi/lib/thumb/v7-m/nofp\libc_nano.a(lib_a-exit.o)
__deregister_frame_info                           c:/msys64/mingw64/bin/../lib/gcc/arm-none-eabi/10.1.0/thumb/v7-m/nofp/crtbegin.o
__dso_handle                                      c:/msys64/mingw64/bin/../lib/gcc/arm-none-eabi/10.1.0/thumb/v7-m/nofp/crtbegin.o
__fini_array_end                                  c:/msys64/mingw64/bin/../lib/gcc/arm-none-eabi/10.1.0/../../../../arm-none-eabi/lib/thumb/v7-m/nofp\libc_nano.a(lib_a-fini.o)
__fini_array_start                                c:/msys64/mingw64/bin/../lib/gcc/arm-none-eabi/10.1.0/../../../../arm-none-eabi/lib/thumb/v7-m/nofp\libc_nano.a(lib_a-fini.o)
__init_array_end                                  c:/msys64/mingw64/bin/../lib/gcc/arm-none-eabi/10.1.0/../../../../arm-none-eabi/lib/thumb/v7-m/nofp\libc_nano.a(lib_a-init.o)
__init_array_start                                c:/msys64/mingw64/bin/../lib/gcc/arm-none-eabi/10.1.0/../../../../arm-none-eabi/lib/thumb/v7-m/nofp\libc_nano.a(lib_a-init.o)
__libc_fini_array                                 c:/msys64/mingw64/bin/../lib/gcc/arm-none-eabi/10.1.0/../../../../arm-none-eabi/lib/thumb/v7-m/nofp\libc_nano.a(lib_a-fini.o)
                                                  c:/msys64/mingw64/bin/../lib/gcc/arm-none-eabi/10.1.0/../../../../arm-none-eabi/lib/thumb/v7-m/nofp/crt0.o
__libc_init_array                                 c:/msys64/mingw64/bin/../lib/gcc/arm-none-eabi/10.1.0/../../../../arm-none-eabi/lib/thumb/v7-m/nofp\libc_nano.a(lib_a-init.o)
                                                  build/startup_stm32f103xb.o
                                                  c:/msys64/mingw64/bin/../lib/gcc/arm-none-eabi/10.1.0/../../../../arm-none-eabi/lib/thumb/v7-m/nofp/crt0.o
__lock___arc4random_mutex                         c:/msys64/mingw64/bin/../lib/gcc/arm-none-eabi/10.1.0/../../../../arm-none-eabi/lib/thumb/v7-m/nofp\libc_nano.a(lib_a-lock.o)
__lock___at_quick_exit_mutex                      c:/msys64/mingw64/bin/../lib/gcc/arm-none-eabi/10.1.0/../../../../arm-none-eabi/lib/thumb/v7-m/nofp\libc_nano.a(lib_a-lock.o)
__lock___atexit_recursive_mutex                   c:/msys64/mingw64/bin/../lib/gcc/arm-none-eabi/10.1.0/../../../../arm-none-eabi/lib/thumb/v7-m/nofp\libc_nano.a(lib_a-lock.o)
                                                  c:/msys64/mingw64/bin/../lib/gcc/arm-none-eabi/10.1.0/../../../../arm-none-eabi/lib/thumb/v7-m/nofp\libc_nano.a(lib_a-__call_atexit.o)
__lock___dd_hash_mutex                            c:/msys64/mingw64/bin/../lib/gcc/arm-none-eabi/10.1.0/../../../../arm-none-eabi/lib/thumb/v7-m/nofp\libc_nano.a(lib_a-lock.o)
__lock___env_recursive_mutex                      c:/msys64/mingw64/bin/../lib/gcc/arm-none-eabi/10.1.0/../../../../arm-none-eabi/lib/thumb/v7-m/nofp\libc_nano.a(lib_a-lock.o)
__lock___malloc_recursive_mutex                   c:/msys64/mingw64/bin/../lib/gcc/arm-none-eabi/10.1.0/../../../../arm-none-eabi/lib/thumb/v7-m/nofp\libc_nano.a(lib_a-lock.o)
__lock___sfp_recursive_mutex                      c:/msys64/mingw64/bin/../lib/gcc/arm-none-eabi/10.1.0/../../../../arm-none-eabi/lib/thumb/v7-m/nofp\libc_nano.a(lib_a-lock.o)
__lock___sinit_recursive_mutex                    c:/msys64/mingw64/bin/../lib/gcc/arm-none-eabi/10.1.0/../../../../arm-none-eabi/lib/thumb/v7-m/nofp\libc_nano.a(lib_a-lock.o)
__lock___tz_mutex                                 c:/msys64/mingw64/bin/../lib/gcc/arm-none-eabi/10.1.0/../../../../arm-none-eabi/lib/thumb/v7-m/nofp\libc_nano.a(lib_a-lock.o)
__on_exit_args                                    c:/msys64/mingw64/bin/../lib/gcc/arm-none-eabi/10.1.0/../../../../arm-none-eabi/lib/thumb/v7-m/nofp\libc_nano.a(lib_a-__atexit.o)
__preinit_array_end                               c:/msys64/mingw64/bin/../lib/gcc/arm-none-eabi/10.1.0/../../../../arm-none-eabi/lib/thumb/v7-m/nofp\libc_nano.a(lib_a-init.o)
__preinit_array_start                             c:/msys64/mingw64/bin/../lib/gcc/arm-none-eabi/10.1.0/../../../../arm-none-eabi/lib/thumb/v7-m/nofp\libc_nano.a(lib_a-init.o)
__register_exitproc                               c:/msys64/mingw64/bin/../lib/gcc/arm-none-eabi/10.1.0/../../../../arm-none-eabi/lib/thumb/v7-m/nofp\libc_nano.a(lib_a-__atexit.o)
                                                  c:/msys64/mingw64/bin/../lib/gcc/arm-none-eabi/10.1.0/../../../../arm-none-eabi/lib/thumb/v7-m/nofp\libc_nano.a(lib_a-atexit.o)
__register_frame_info                             c:/msys64/mingw64/bin/../lib/gcc/arm-none-eabi/10.1.0/thumb/v7-m/nofp/crtbegin.o
__retarget_lock_acquire                           c:/msys64/mingw64/bin/../lib/gcc/arm-none-eabi/10.1.0/../../../../arm-none-eabi/lib/thumb/v7-m/nofp\libc_nano.a(lib_a-lock.o)
__retarget_lock_acquire_recursive                 c:/msys64/mingw64/bin/../lib/gcc/arm-none-eabi/10.1.0/../../../../arm-none-eabi/lib/thumb/v7-m/nofp\libc_nano.a(lib_a-lock.o)
                                                  c:/msys64/mingw64/bin/../lib/gcc/arm-none-eabi/10.1.0/../../../../arm-none-eabi/lib/thumb/v7-m/nofp\libc_nano.a(lib_a-__call_atexit.o)
                                                  c:/msys64/mingw64/bin/../lib/gcc/arm-none-eabi/10.1.0/../../../../arm-none-eabi/lib/thumb/v7-m/nofp\libc_nano.a(lib_a-__atexit.o)
__retarget_lock_close                             c:/msys64/mingw64/bin/../lib/gcc/arm-none-eabi/10.1.0/../../../../arm-none-eabi/lib/thumb/v7-m/nofp\libc_nano.a(lib_a-lock.o)
__retarget_lock_close_recursive                   c:/msys64/mingw64/bin/../lib/gcc/arm-none-eabi/10.1.0/../../../../arm-none-eabi/lib/thumb/v7-m/nofp\libc_nano.a(lib_a-lock.o)
__retarget_lock_init                              c:/msys64/mingw64/bin/../lib/gcc/arm-none-eabi/10.1.0/../../../../arm-none-eabi/lib/thumb/v7-m/nofp\libc_nano.a(lib_a-lock.o)
__retarget_lock_init_recursive                    c:/msys64/mingw64/bin/../lib/gcc/arm-none-eabi/10.1.0/../../../../arm-none-eabi/lib/thumb/v7-m/nofp\libc_nano.a(lib_a-lock.o)
__retarget_lock_release                           c:/msys64/mingw64/bin/../lib/gcc/arm-none-eabi/10.1.0/../../../../arm-none-eabi/lib/thumb/v7-m/nofp\libc_nano.a(lib_a-lock.o)
                                                  c:/msys64/mingw64/bin/../lib/gcc/arm-none-eabi/10.1.0/../../../../arm-none-eabi/lib/thumb/v7-m/nofp\libc_nano.a(lib_a-__atexit.o)
__retarget_lock_release_recursive                 c:/msys64/mingw64/bin/../lib/gcc/arm-none-eabi/10.1.0/../../../../arm-none-eabi/lib/thumb/v7-m/nofp\libc_nano.a(lib_a-lock.o)
                                                  c:/msys64/mingw64/bin/../lib/gcc/arm-none-eabi/10.1.0/../../../../arm-none-eabi/lib/thumb/v7-m/nofp\libc_nano.a(lib_a-__call_atexit.o)
                                                  c:/msys64/mingw64/bin/../lib/gcc/arm-none-eabi/10.1.0/../../../../arm-none-eabi/lib/thumb/v7-m/nofp\libc_nano.a(lib_a-__atexit.o)
__retarget_lock_try_acquire                       c:/msys64/mingw64/bin/../lib/gcc/arm-none-eabi/10.1.0/../../../../arm-none-eabi/lib/thumb/v7-m/nofp\libc_nano.a(lib_a-lock.o)
__retarget_lock_try_acquire_recursive             c:/msys64/mingw64/bin/../lib/gcc/arm-none-eabi/10.1.0/../../../../arm-none-eabi/lib/thumb/v7-m/nofp\libc_nano.a(lib_a-lock.o)
__sf_fake_stderr                                  c:/msys64/mingw64/bin/../lib/gcc/arm-none-eabi/10.1.0/../../../../arm-none-eabi/lib/thumb/v7-m/nofp\libc_nano.a(lib_a-impure.o)
__sf_fake_stdin                                   c:/msys64/mingw64/bin/../lib/gcc/arm-none-eabi/10.1.0/../../../../arm-none-eabi/lib/thumb/v7-m/nofp\libc_nano.a(lib_a-impure.o)
__sf_fake_stdout                                  c:/msys64/mingw64/bin/../lib/gcc/arm-none-eabi/10.1.0/../../../../arm-none-eabi/lib/thumb/v7-m/nofp\libc_nano.a(lib_a-impure.o)
__stack                                           c:/msys64/mingw64/bin/../lib/gcc/arm-none-eabi/10.1.0/../../../../arm-none-eabi/lib/thumb/v7-m/nofp/crt0.o
_ebss                                             build/startup_stm32f103xb.o
_edata                                            build/startup_stm32f103xb.o
_estack                                           build/startup_stm32f103xb.o
_exit                                             c:/msys64/mingw64/bin/../lib/gcc/arm-none-eabi/10.1.0/../../../../arm-none-eabi/lib/thumb/v7-m/nofp\libnosys.a(_exit.o)
                                                  c:/msys64/mingw64/bin/../lib/gcc/arm-none-eabi/10.1.0/../../../../arm-none-eabi/lib/thumb/v7-m/nofp\libc_nano.a(lib_a-exit.o)
_fini                                             c:/msys64/mingw64/bin/../lib/gcc/arm-none-eabi/10.1.0/thumb/v7-m/nofp/crti.o
                                                  c:/msys64/mingw64/bin/../lib/gcc/arm-none-eabi/10.1.0/../../../../arm-none-eabi/lib/thumb/v7-m/nofp\libc_nano.a(lib_a-fini.o)
_global_atexit                                    c:/msys64/mingw64/bin/../lib/gcc/arm-none-eabi/10.1.0/../../../../arm-none-eabi/lib/thumb/v7-m/nofp\libc_nano.a(lib_a-__call_atexit.o)
                                                  c:/msys64/mingw64/bin/../lib/gcc/arm-none-eabi/10.1.0/../../../../arm-none-eabi/lib/thumb/v7-m/nofp\libc_nano.a(lib_a-__atexit.o)
_global_impure_ptr                                c:/msys64/mingw64/bin/../lib/gcc/arm-none-eabi/10.1.0/../../../../arm-none-eabi/lib/thumb/v7-m/nofp\libc_nano.a(lib_a-impure.o)
                                                  c:/msys64/mingw64/bin/../lib/gcc/arm-none-eabi/10.1.0/../../../../arm-none-eabi/lib/thumb/v7-m/nofp\libc_nano.a(lib_a-exit.o)
_impure_ptr                                       c:/msys64/mingw64/bin/../lib/gcc/arm-none-eabi/10.1.0/../../../../arm-none-eabi/lib/thumb/v7-m/nofp\libc_nano.a(lib_a-impure.o)
_init                                             c:/msys64/mingw64/bin/../lib/gcc/arm-none-eabi/10.1.0/thumb/v7-m/nofp/crti.o
                                                  c:/msys64/mingw64/bin/../lib/gcc/arm-none-eabi/10.1.0/../../../../arm-none-eabi/lib/thumb/v7-m/nofp\libc_nano.a(lib_a-init.o)
_mainCRTStartup                                   c:/msys64/mingw64/bin/../lib/gcc/arm-none-eabi/10.1.0/../../../../arm-none-eabi/lib/thumb/v7-m/nofp/crt0.o
_sbss                                             build/startup_stm32f103xb.o
_sdata                                            build/startup_stm32f103xb.o
_sidata                                           build/startup_stm32f103xb.o
_stack_init                                       c:/msys64/mingw64/bin/../lib/gcc/arm-none-eabi/10.1.0/../../../../arm-none-eabi/lib/thumb/v7-m/nofp/crt0.o
_start                                            c:/msys64/mingw64/bin/../lib/gcc/arm-none-eabi/10.1.0/../../../../arm-none-eabi/lib/thumb/v7-m/nofp/crt0.o
atexit                                            c:/msys64/mingw64/bin/../lib/gcc/arm-none-eabi/10.1.0/../../../../arm-none-eabi/lib/thumb/v7-m/nofp\libc_nano.a(lib_a-atexit.o)
                                                  c:/msys64/mingw64/bin/../lib/gcc/arm-none-eabi/10.1.0/../../../../arm-none-eabi/lib/thumb/v7-m/nofp/crt0.o
delay1ms                                          build/delay.o
delay_ms                                          build/delay.o
delay_us                                          build/delay.o
exit                                              c:/msys64/mingw64/bin/../lib/gcc/arm-none-eabi/10.1.0/../../../../arm-none-eabi/lib/thumb/v7-m/nofp\libc_nano.a(lib_a-exit.o)
                                                  c:/msys64/mingw64/bin/../lib/gcc/arm-none-eabi/10.1.0/../../../../arm-none-eabi/lib/thumb/v7-m/nofp/crt0.o
g_pfnVectors                                      build/startup_stm32f103xb.o
hardware_init_hook                                c:/msys64/mingw64/bin/../lib/gcc/arm-none-eabi/10.1.0/../../../../arm-none-eabi/lib/thumb/v7-m/nofp/crt0.o
main                                              build/main.o
                                                  build/startup_stm32f103xb.o
                                                  c:/msys64/mingw64/bin/../lib/gcc/arm-none-eabi/10.1.0/../../../../arm-none-eabi/lib/thumb/v7-m/nofp/crt0.o
malloc                                            c:/msys64/mingw64/bin/../lib/gcc/arm-none-eabi/10.1.0/../../../../arm-none-eabi/lib/thumb/v7-m/nofp\libc_nano.a(lib_a-__atexit.o)
memset                                            c:/msys64/mingw64/bin/../lib/gcc/arm-none-eabi/10.1.0/../../../../arm-none-eabi/lib/thumb/v7-m/nofp\libc_nano.a(lib_a-memset.o)
                                                  c:/msys64/mingw64/bin/../lib/gcc/arm-none-eabi/10.1.0/../../../../arm-none-eabi/lib/thumb/v7-m/nofp/crt0.o
software_init_hook                                c:/msys64/mingw64/bin/../lib/gcc/arm-none-eabi/10.1.0/../../../../arm-none-eabi/lib/thumb/v7-m/nofp/crt0.o
stop_timer                                        build/delay.o
timer_init_ms                                     build/delay.o
timer_init_us                                     build/delay.o
